// Jest Snapshot v1, https://goo.gl/fbAQLP

exports[`changes the state for font slider 1`] = `
<div
  className="App"
>
  <div
    className="column left-column"
  >
    <div
      className="presets card"
    >
      <p>
        Basic Presets
      </p>
      <div
        className="preset-container"
      >
        <div
          className="preset-row"
        >
          <div
            className="preset"
          >
            <button
              id="normal-effect"
            >
              Button
            </button>
          </div>
          <div
            className="preset"
          >
            <button
              id="opacity-effect"
            >
              Button
            </button>
          </div>
        </div>
        <div
          className="preset-row"
        >
          <div
            className="preset"
          >
            <button
              id="rounded-corners1-effect"
            >
              Button
            </button>
          </div>
          <div
            className="preset"
          >
            <button
              id="rounded-corners2-effect"
            >
              Button
            </button>
          </div>
        </div>
      </div>
    </div>
    <div
      className="presets card"
    >
      <p>
        Other Presets
      </p>
      <div
        className="preset-container"
      >
        <div
          className="preset-row"
        >
          <div
            className="preset"
          >
            <button
              id="thin-border-effect"
            >
              Button
            </button>
          </div>
          <div
            className="preset"
          >
            <button
              id="thick-border-effect"
            >
              Button
            </button>
          </div>
        </div>
        <div
          className="preset-row"
        >
          <div
            className="preset"
          >
            <button
              id="hover-normal-fill-effect"
            >
              Button
            </button>
          </div>
          <div
            className="preset"
          >
            <button
              id="hover-opaque-fill-effect"
            >
              Button
            </button>
          </div>
        </div>
        <div
          className="preset-row"
        >
          <div
            className="preset"
          >
            <button
              id="shadow-effect"
            >
              Button
            </button>
          </div>
          <div
            className="preset"
          >
            <button
              id="hover-shadow-effect"
            >
              Button
            </button>
          </div>
        </div>
        <div
          className="preset-row"
        >
          <div
            className="preset"
          >
            <button
              id="hover-grow-effect"
            >
              Button
            </button>
          </div>
          <div
            className="preset"
          >
            <button
              id="hover-shrink-effect"
            >
              Button
            </button>
          </div>
        </div>
        <div
          className="preset-row"
        >
          <div
            className="preset"
          >
            <button
              id="hover-slide-right-effect"
            >
              Button
            </button>
          </div>
          <div
            className="preset"
          >
            <button
              id="hover-slide-left-effect"
            >
              Button
            </button>
          </div>
        </div>
        <div
          className="preset-row"
        >
          <div
            className="preset"
          >
            <button
              id="hover-rotate-right-effect"
            >
              Button
            </button>
          </div>
          <div
            className="preset"
          >
            <button
              id="hover-rotate-left-effect"
            >
              Button
            </button>
          </div>
        </div>
      </div>
    </div>
  </div>
  <div
    className="column center-column"
  >
    <div
      className="title"
    >
      CSS Generator
    </div>
    <div
      className="button-window card"
    >
      <button
        id="generatedButton"
      >
        Button
      </button>
    </div>
    <div
      className="json-window card"
    >
      <button
        onClick={[Function]}
      >
        Show CSS
      </button>
    </div>
  </div>
  <div
    className="column right-column"
  >
    <div
      className="filters three card"
    >
      <p
        className="filterType"
      >
        Font
      </p>
      <div
        className="filters-container"
      >
        <div
          className="attribute"
        >
          <p>
            Font Family
          </p>
          <div
            className="range-slider"
          >
            <input
              className="range-slider__range"
              max="100"
              min="0"
              onChange={[Function]}
              type="range"
              value={16}
            />
            <span
              className="range-slider__value"
            >
              16
            </span>
          </div>
        </div>
        <div
          className="attribute"
        >
          <p>
            Font Weight
          </p>
          <div
            className="range-slider"
          >
            <input
              className="range-slider__range"
              max="900"
              min="0"
              onChange={[Function]}
              step="100"
              type="range"
              value={500}
            />
            <span
              className="range-slider__value"
            >
              500
            </span>
          </div>
        </div>
        <div
          className="attribute"
        >
          <p>
            Font Size
          </p>
          <div
            className="range-slider"
          >
            <input
              className="range-slider__range"
              max="100"
              min="0"
              onChange={[Function]}
              type="range"
              value={16}
            />
            <span
              className="range-slider__value"
            >
              16
            </span>
          </div>
        </div>
      </div>
    </div>
    <div
      className="filters three card"
    >
      <p
        className="filterType"
      >
        Sizing
      </p>
      <div
        className="filters-container"
      >
        <div
          className="attribute"
        >
          <p>
            Width
          </p>
          <div
            className="range-slider"
          >
            <input
              className="range-slider__range"
              max="500"
              min="0"
              onChange={[Function]}
              type="range"
              value={150}
            />
            <span
              className="range-slider__value"
            >
              150
            </span>
          </div>
        </div>
        <div
          className="attribute"
        >
          <p>
            Height
          </p>
          <div
            className="range-slider"
          >
            <input
              className="range-slider__range"
              max="175"
              min="0"
              onChange={[Function]}
              type="range"
              value={100}
            />
            <span
              className="range-slider__value"
            >
              100
            </span>
          </div>
        </div>
        <div
          className="attribute"
        >
          <p>
            Padding
          </p>
          <div
            className="range-slider"
          >
            <input
              className="range-slider__range"
              max="50"
              min="0"
              onChange={[Function]}
              type="range"
              value={3}
            />
            <span
              className="range-slider__value"
            >
              3
            </span>
          </div>
        </div>
      </div>
    </div>
    <div
      className="filters three card"
    >
      <p
        className="filterType"
      >
        Border
      </p>
      <div
        className="filters-container"
      >
        <div
          className="attribute"
        >
          <p>
            Border Width
          </p>
          <div
            className="range-slider"
          >
            <input
              className="range-slider__range"
              max="10"
              min="0"
              onChange={[Function]}
              type="range"
              value={1}
            />
            <span
              className="range-slider__value"
            >
              1
            </span>
          </div>
        </div>
        <div
          className="attribute"
        >
          <p>
            Border Radius
          </p>
          <div
            className="range-slider"
          >
            <input
              className="range-slider__range"
              max="15"
              min="0"
              onChange={[Function]}
              type="range"
              value={0}
            />
            <span
              className="range-slider__value"
            >
              0
            </span>
          </div>
        </div>
        <div
          className="attribute"
        >
          <p>
            Shadow
          </p>
          <div
            className="range-slider"
          >
            <input
              className="range-slider__range"
              max="100"
              min="0"
              onChange={[Function]}
              type="range"
              value={0}
            />
            <span
              className="range-slider__value"
            >
              0
            </span>
          </div>
        </div>
      </div>
    </div>
    <div
      className="filters four card"
    >
      <p
        className="filterType"
      >
        Color
      </p>
      <div
        className="filters-container"
      >
        <div
          className="attribute"
        >
          <p>
            Background Color
          </p>
          <div
            className="range-slider"
          >
            <input
              className="range-slider__range"
              max="100"
              min="0"
              onChange={[Function]}
              type="range"
              value={16}
            />
            <span
              className="range-slider__value"
            >
              16
            </span>
          </div>
        </div>
        <div
          className="attribute"
        >
          <p>
            Text Color
          </p>
          <div
            className="range-slider"
          >
            <input
              className="range-slider__range"
              max="100"
              min="0"
              onChange={[Function]}
              type="range"
              value={16}
            />
            <span
              className="range-slider__value"
            >
              16
            </span>
          </div>
        </div>
        <div
          className="attribute"
        >
          <p>
            Border Color
          </p>
          <div
            className="range-slider"
          >
            <input
              className="range-slider__range"
              max="100"
              min="0"
              onChange={[Function]}
              type="range"
              value={16}
            />
            <span
              className="range-slider__value"
            >
              16
            </span>
          </div>
        </div>
        <div
          className="attribute"
        >
          <p>
            Opacity
          </p>
          <div
            className="range-slider"
          >
            <input
              className="range-slider__range"
              max="100"
              min="0"
              onChange={[Function]}
              type="range"
              value={0}
            />
            <span
              className="range-slider__value"
            >
              0
            </span>
          </div>
        </div>
      </div>
    </div>
  </div>
</div>
`;
