// Jest Snapshot v1, https://goo.gl/fbAQLP

exports[`will check ExportCode component renders with props 1`] = `
<div
  className="jsonContainer"
>
  <p>
    Button HTML
  </p>
  <code
    className="language"
    id="html-code"
  >
    <span
      className="token tag"
    >
      <span
        className="token tag"
      >
        <span
          className="token punctuation"
        >
          &lt;
        </span>
        a
      </span>
       
      <span
        className="token attr-name"
      >
        href
      </span>
      <span
        className="token attr-value"
      >
        <span
          className="token punctuation"
        >
          ="
        </span>
        #
        <span
          className="token punctuation"
        >
          "
        </span>
      </span>
       
      <span
        className="token attr-name"
      >
        class
      </span>
      <span
        className="token attr-value"
      >
        <span
          className="token punctuation"
        >
          ="
        </span>
        myButton
        <span
          className="token punctuation"
        >
          "
        </span>
      </span>
      <span
        className="token punctuation"
      >
        &gt;
      </span>
    </span>
    BUTTON
    <span
      className="token tag"
    >
      <span
        className="token tag"
      >
        <span
          className="token punctuation"
        >
          &lt;/
        </span>
        a
      </span>
      <span
        className="token punctuation"
      >
        &gt;
      </span>
    </span>
  </code>
  <br />
  <p>
    Button CSS
  </p>
  <code
    className="language"
    id="css-code"
  >
    <span
      className="token selector"
    >
      .
      myButton
       
    </span>
    <span
      className="token punctuation"
    >
      {
    </span>
    <br />
    <pre
      className="tab"
    >
         
    </pre>
    <span
      className="token property"
    >
      font-size
    </span>
    <span
      className="token punctuation"
    >
      :
    </span>
     
    16
    <span
      className="token punctuation"
    >
      ;
    </span>
    <br />
    <pre
      className="tab"
    >
         
    </pre>
    <span
      className="token property"
    >
      width
    </span>
    <span
      className="token punctuation"
    >
      :
    </span>
     
    150
    px
    <span
      className="token punctuation"
    >
      ;
    </span>
    <br />
    <pre
      className="tab"
    >
         
    </pre>
    <span
      className="token property"
    >
      height
    </span>
    <span
      className="token punctuation"
    >
      :
    </span>
     
    100
    px
    <span
      className="token punctuation"
    >
      ;
    </span>
    <br />
    <pre
      className="tab"
    >
         
    </pre>
    <span
      className="token property"
    >
      padding
    </span>
    <span
      className="token punctuation"
    >
      :
    </span>
     
    3
    px
    <span
      className="token punctuation"
    >
      ;
    </span>
    <br />
    <pre
      className="tab"
    >
         
    </pre>
    <span
      className="token property"
    >
      border-width
    </span>
    <span
      className="token punctuation"
    >
      :
    </span>
     
    1
    px
    <span
      className="token punctuation"
    >
      ;
    </span>
    <br />
    <pre
      className="tab"
    >
         
    </pre>
    <span
      className="token property"
    >
      border-radius
    </span>
    <span
      className="token punctuation"
    >
      :
    </span>
     
    0
    px
    <span
      className="token punctuation"
    >
      ;
    </span>
    <br />
    <pre
      className="tab"
    >
         
    </pre>
    <span
      className="token property"
    >
      box-shadow
    </span>
    <span
      className="token punctuation"
    >
      :
    </span>
     0 0 
    0
    px 
    0
    px rgba(0,0,0,0.2)
    <span
      className="token punctuation"
    >
      ;
    </span>
    <br />
    <pre
      className="tab"
    >
         
    </pre>
    <span
      className="token property"
    >
      color
    </span>
    <span
      className="token punctuation"
    >
      :
    </span>
     
    0
    px
    <span
      className="token punctuation"
    >
      ;
    </span>
    <br />
    <pre
      className="tab"
    >
         
    </pre>
    <span
      className="token property"
    >
      background-color
    </span>
    <span
      className="token punctuation"
    >
      :
    </span>
     
    0
    px
    <span
      className="token punctuation"
    >
      ;
    </span>
    <br />
    <pre
      className="tab"
    >
         
    </pre>
    <span
      className="token property"
    >
      border-color
    </span>
    <span
      className="token punctuation"
    >
      :
    </span>
     
    0
    px
    <span
      className="token punctuation"
    >
      ;
    </span>
    <br />
    <pre
      className="tab"
    >
         
    </pre>
    <span
      className="token property"
    >
      opacity
    </span>
    <span
      className="token punctuation"
    >
      :
    </span>
     
    0
    px
    <span
      className="token punctuation"
    >
      ;
    </span>
    <br />
    <span
      className="token punctuation"
    >
      }
    </span>
  </code>
  <br />
  <span>
    <button
      className="copyButton"
      onClick={[Function]}
    >
      Copy to clipboard
    </button>
  </span>
</div>
`;

exports[`will check ExportCode component renders without props 1`] = `
<div
  className="jsonContainer"
>
  <p>
    Button HTML
  </p>
  <code
    className="language"
    id="html-code"
  >
    <span
      className="token tag"
    >
      <span
        className="token tag"
      >
        <span
          className="token punctuation"
        >
          &lt;
        </span>
        a
      </span>
       
      <span
        className="token attr-name"
      >
        href
      </span>
      <span
        className="token attr-value"
      >
        <span
          className="token punctuation"
        >
          ="
        </span>
        #
        <span
          className="token punctuation"
        >
          "
        </span>
      </span>
       
      <span
        className="token attr-name"
      >
        class
      </span>
      <span
        className="token attr-value"
      >
        <span
          className="token punctuation"
        >
          ="
        </span>
        myButton
        <span
          className="token punctuation"
        >
          "
        </span>
      </span>
      <span
        className="token punctuation"
      >
        &gt;
      </span>
    </span>
    BUTTON
    <span
      className="token tag"
    >
      <span
        className="token tag"
      >
        <span
          className="token punctuation"
        >
          &lt;/
        </span>
        a
      </span>
      <span
        className="token punctuation"
      >
        &gt;
      </span>
    </span>
  </code>
  <br />
  <p>
    Button CSS
  </p>
  <code
    className="language"
    id="css-code"
  >
    <span
      className="token selector"
    >
      .
      myButton
       
    </span>
    <span
      className="token punctuation"
    >
      {
    </span>
    <br />
    <pre
      className="tab"
    >
         
    </pre>
    <span
      className="token property"
    >
      font-size
    </span>
    <span
      className="token punctuation"
    >
      :
    </span>
     
    <span
      className="token punctuation"
    >
      ;
    </span>
    <br />
    <pre
      className="tab"
    >
         
    </pre>
    <span
      className="token property"
    >
      width
    </span>
    <span
      className="token punctuation"
    >
      :
    </span>
     
    px
    <span
      className="token punctuation"
    >
      ;
    </span>
    <br />
    <pre
      className="tab"
    >
         
    </pre>
    <span
      className="token property"
    >
      height
    </span>
    <span
      className="token punctuation"
    >
      :
    </span>
     
    px
    <span
      className="token punctuation"
    >
      ;
    </span>
    <br />
    <pre
      className="tab"
    >
         
    </pre>
    <span
      className="token property"
    >
      padding
    </span>
    <span
      className="token punctuation"
    >
      :
    </span>
     
    px
    <span
      className="token punctuation"
    >
      ;
    </span>
    <br />
    <pre
      className="tab"
    >
         
    </pre>
    <span
      className="token property"
    >
      border-width
    </span>
    <span
      className="token punctuation"
    >
      :
    </span>
     
    px
    <span
      className="token punctuation"
    >
      ;
    </span>
    <br />
    <pre
      className="tab"
    >
         
    </pre>
    <span
      className="token property"
    >
      border-radius
    </span>
    <span
      className="token punctuation"
    >
      :
    </span>
     
    px
    <span
      className="token punctuation"
    >
      ;
    </span>
    <br />
    <pre
      className="tab"
    >
         
    </pre>
    <span
      className="token property"
    >
      box-shadow
    </span>
    <span
      className="token punctuation"
    >
      :
    </span>
     0 0 
    px 
    px rgba(0,0,0,0.2)
    <span
      className="token punctuation"
    >
      ;
    </span>
    <br />
    <pre
      className="tab"
    >
         
    </pre>
    <span
      className="token property"
    >
      color
    </span>
    <span
      className="token punctuation"
    >
      :
    </span>
     
    px
    <span
      className="token punctuation"
    >
      ;
    </span>
    <br />
    <pre
      className="tab"
    >
         
    </pre>
    <span
      className="token property"
    >
      background-color
    </span>
    <span
      className="token punctuation"
    >
      :
    </span>
     
    px
    <span
      className="token punctuation"
    >
      ;
    </span>
    <br />
    <pre
      className="tab"
    >
         
    </pre>
    <span
      className="token property"
    >
      border-color
    </span>
    <span
      className="token punctuation"
    >
      :
    </span>
     
    px
    <span
      className="token punctuation"
    >
      ;
    </span>
    <br />
    <pre
      className="tab"
    >
         
    </pre>
    <span
      className="token property"
    >
      opacity
    </span>
    <span
      className="token punctuation"
    >
      :
    </span>
     
    px
    <span
      className="token punctuation"
    >
      ;
    </span>
    <br />
    <span
      className="token punctuation"
    >
      }
    </span>
  </code>
  <br />
  <span>
    <button
      className="copyButton"
      onClick={[Function]}
    >
      Copy to clipboard
    </button>
  </span>
</div>
`;

exports[`will check the types of props passed into ExportCode 1`] = `
Object {
  "backgroundColor": Any<String>,
  "borderColor": Any<String>,
  "borderRadius": Any<Number>,
  "borderWidth": Any<Number>,
  "fontEmphasis": Any<Number>,
  "fontSize": Any<Number>,
  "height": Any<Number>,
  "opacity": Any<Number>,
  "padding": Any<Number>,
  "shadow": Any<Number>,
  "showCode": Any<Boolean>,
  "textColor": Any<String>,
  "width": Any<Number>,
}
`;
